###############################################################################
#
# IAR ELF Linker V8.40.2.214/W32 for ARM                  25/Nov/2019  23:16:58
# Copyright 2007-2019 IAR Systems AB.
#
#    Output file  =
#        D:\RM2020_Wandering\EWARM\RM2020_Wandering\Exe\RM2020_Wandering.out
#    Map file     =
#        D:\RM2020_Wandering\EWARM\RM2020_Wandering\List\RM2020_Wandering.map
#    Command line =
#        -f C:\Users\lenovo\AppData\Local\Temp\EW31BF.tmp
#        (D:\RM2020_Wandering\EWARM\RM2020_Wandering\Obj\cmsis_os.o
#        D:\RM2020_Wandering\EWARM\RM2020_Wandering\Obj\croutine.o
#        D:\RM2020_Wandering\EWARM\RM2020_Wandering\Obj\event_groups.o
#        D:\RM2020_Wandering\EWARM\RM2020_Wandering\Obj\freertos.o
#        D:\RM2020_Wandering\EWARM\RM2020_Wandering\Obj\heap_4.o
#        D:\RM2020_Wandering\EWARM\RM2020_Wandering\Obj\list.o
#        D:\RM2020_Wandering\EWARM\RM2020_Wandering\Obj\main.o
#        D:\RM2020_Wandering\EWARM\RM2020_Wandering\Obj\port.o
#        D:\RM2020_Wandering\EWARM\RM2020_Wandering\Obj\portasm.o
#        D:\RM2020_Wandering\EWARM\RM2020_Wandering\Obj\queue.o
#        D:\RM2020_Wandering\EWARM\RM2020_Wandering\Obj\startup_stm32f427xx.o
#        D:\RM2020_Wandering\EWARM\RM2020_Wandering\Obj\stm32f4xx_hal.o
#        D:\RM2020_Wandering\EWARM\RM2020_Wandering\Obj\stm32f4xx_hal_can.o
#        D:\RM2020_Wandering\EWARM\RM2020_Wandering\Obj\stm32f4xx_hal_cortex.o
#        D:\RM2020_Wandering\EWARM\RM2020_Wandering\Obj\stm32f4xx_hal_dma.o
#        D:\RM2020_Wandering\EWARM\RM2020_Wandering\Obj\stm32f4xx_hal_dma_ex.o
#        D:\RM2020_Wandering\EWARM\RM2020_Wandering\Obj\stm32f4xx_hal_exti.o
#        D:\RM2020_Wandering\EWARM\RM2020_Wandering\Obj\stm32f4xx_hal_flash.o
#        D:\RM2020_Wandering\EWARM\RM2020_Wandering\Obj\stm32f4xx_hal_flash_ex.o
#        D:\RM2020_Wandering\EWARM\RM2020_Wandering\Obj\stm32f4xx_hal_flash_ramfunc.o
#        D:\RM2020_Wandering\EWARM\RM2020_Wandering\Obj\stm32f4xx_hal_gpio.o
#        D:\RM2020_Wandering\EWARM\RM2020_Wandering\Obj\stm32f4xx_hal_msp.o
#        D:\RM2020_Wandering\EWARM\RM2020_Wandering\Obj\stm32f4xx_hal_pwr.o
#        D:\RM2020_Wandering\EWARM\RM2020_Wandering\Obj\stm32f4xx_hal_pwr_ex.o
#        D:\RM2020_Wandering\EWARM\RM2020_Wandering\Obj\stm32f4xx_hal_rcc.o
#        D:\RM2020_Wandering\EWARM\RM2020_Wandering\Obj\stm32f4xx_hal_rcc_ex.o
#        D:\RM2020_Wandering\EWARM\RM2020_Wandering\Obj\stm32f4xx_hal_tim.o
#        D:\RM2020_Wandering\EWARM\RM2020_Wandering\Obj\stm32f4xx_hal_tim_ex.o
#        D:\RM2020_Wandering\EWARM\RM2020_Wandering\Obj\stm32f4xx_hal_timebase_tim.o
#        D:\RM2020_Wandering\EWARM\RM2020_Wandering\Obj\stm32f4xx_hal_uart.o
#        D:\RM2020_Wandering\EWARM\RM2020_Wandering\Obj\stm32f4xx_it.o
#        D:\RM2020_Wandering\EWARM\RM2020_Wandering\Obj\stream_buffer.o
#        D:\RM2020_Wandering\EWARM\RM2020_Wandering\Obj\system_stm32f4xx.o
#        D:\RM2020_Wandering\EWARM\RM2020_Wandering\Obj\tasks.o
#        D:\RM2020_Wandering\EWARM\RM2020_Wandering\Obj\timers.o --redirect
#        _Printf=_PrintfFull --redirect _Scanf=_ScanfFull --no_out_extension -o
#        D:\RM2020_Wandering\EWARM\RM2020_Wandering\Exe\RM2020_Wandering.out
#        --map
#        D:\RM2020_Wandering\EWARM\RM2020_Wandering\List\RM2020_Wandering.map
#        --config D:\RM2020_Wandering\EWARM/stm32f427xx_flash.icf --semihosting
#        --entry __iar_program_start --vfe --text_out locale)
#
###############################################################################

*******************************************************************************
*** RUNTIME MODEL ATTRIBUTES
***

CppFlavor       = *
__SystemLibrary = DLib
__dlib_version  = 6


*******************************************************************************
*** HEAP SELECTION
***

The basic heap was selected because no calls to memory allocation
functions were found in the application outside of system library
functions, and there are calls to deallocation functions in the
application.


*******************************************************************************
*** PLACEMENT SUMMARY
***

"A0":  place at address 0x800'0000 { ro section .intvec };
"P1":  place in [from 0x800'0000 to 0x81f'ffff] { ro };
define block CSTACK with size = 1K, alignment = 8 { };
define block HEAP with size = 512, alignment = 8 { };
"P2":  place in [from 0x2000'0000 to 0x2002'ffff] {
          rw, block CSTACK, block HEAP };
initialize by copy { rw };

  Section            Kind         Address    Size  Object
  -------            ----         -------    ----  ------
"A0":                                       0x1ac
  .intvec            ro code   0x800'0000   0x1ac  startup_stm32f427xx.o [1]
                             - 0x800'01ac   0x1ac

"P1":                                      0x3142
  .text              ro code   0x800'01ac   0x588  tasks.o [1]
  .text              ro code   0x800'0734   0x1b4  heap_4.o [1]
  .text              ro code   0x800'08e8    0x92  list.o [1]
  .text              ro code   0x800'097a    0x3a  zero_init3.o [4]
  .text              ro code   0x800'09b4   0x1b8  port.o [1]
  .text              ro code   0x800'0b6c    0x14  freertos.o [1]
  CODE               ro code   0x800'0b80    0xb0  portasm.o [1]
  .text              ro code   0x800'0c30   0x56c  stm32f4xx_hal_msp.o [1]
  .text              ro code   0x800'119c    0x98  stm32f4xx_hal_cortex.o [1]
  .text              ro code   0x800'1234   0x204  stm32f4xx_hal_gpio.o [1]
  .text              ro code   0x800'1438    0x14  memset.o [4]
  .text              ro code   0x800'144c   0x304  stm32f4xx_hal_dma.o [1]
  .text              ro code   0x800'1750   0x4c8  main.o [1]
  .text              ro code   0x800'1c18    0x12  ABImemset_small.o [4]
  .text              ro code   0x800'1c2c     0xc  stm32f4xx_hal.o [1]
  .text              ro code   0x800'1c38    0x34  stm32f4xx_hal.o [1]
  .text              ro code   0x800'1c6c   0x30a  stm32f4xx_hal_can.o [1]
  .text              ro code   0x800'1f78   0x4d2  stm32f4xx_hal_tim.o [1]
  .text              ro code   0x800'244c   0x414  stm32f4xx_hal_uart.o [1]
  .text              ro code   0x800'2860    0x18  ABImemcpy_small.o [4]
  .text              ro code   0x800'2878    0x82  cmsis_os.o [1]
  .text              ro code   0x800'28fc    0x3e  stm32f4xx_hal_tim_ex.o [1]
  .text              ro code   0x800'293c   0x2d0  stm32f4xx_hal_rcc.o [1]
  .text              ro code   0x800'2c0c   0x1dc  stm32f4xx_hal_rcc.o [1]
  .text              ro code   0x800'2de8    0x10  stm32f4xx_hal.o [1]
  .text              ro code   0x800'2df8    0x7c  stm32f4xx_hal_timebase_tim.o [1]
  .text              ro code   0x800'2e74     0x2  stm32f4xx_hal_can.o [1]
  .text              ro code   0x800'2e76     0x2  stm32f4xx_hal_can.o [1]
  .text              ro code   0x800'2e78     0x2  stm32f4xx_hal_can.o [1]
  .text              ro code   0x800'2e7a     0x2  stm32f4xx_hal_can.o [1]
  .text              ro code   0x800'2e7c     0x2  stm32f4xx_hal_can.o [1]
  .text              ro code   0x800'2e7e     0x2  stm32f4xx_hal_can.o [1]
  .text              ro code   0x800'2e80     0x2  stm32f4xx_hal_can.o [1]
  .text              ro code   0x800'2e82     0x2  stm32f4xx_hal_can.o [1]
  .text              ro code   0x800'2e84     0x2  stm32f4xx_hal_can.o [1]
  .text              ro code   0x800'2e86     0x2  stm32f4xx_hal_can.o [1]
  .text              ro code   0x800'2e88     0x2  stm32f4xx_hal_can.o [1]
  .text              ro code   0x800'2e8a     0x2  stm32f4xx_hal_can.o [1]
  .text              ro code   0x800'2e8c     0x2  stm32f4xx_hal_can.o [1]
  .text              ro code   0x800'2e8e     0x2  stm32f4xx_hal_tim.o [1]
  .text              ro code   0x800'2e90     0x2  stm32f4xx_hal_tim.o [1]
  .text              ro code   0x800'2e92     0x2  stm32f4xx_hal_tim_ex.o [1]
  .text              ro code   0x800'2e94     0x2  stm32f4xx_hal_tim.o [1]
  .text              ro code   0x800'2e96     0x2  stm32f4xx_hal_tim_ex.o [1]
  .text              ro code   0x800'2e98     0x2  stm32f4xx_hal_tim.o [1]
  .text              ro code   0x800'2e9a     0x2  stm32f4xx_hal_uart.o [1]
  .text              ro code   0x800'2e9c     0x2  stm32f4xx_hal_uart.o [1]
  .text              ro code   0x800'2e9e     0x2  stm32f4xx_hal_uart.o [1]
  .text              ro code   0x800'2ea0   0x106  I64DivMod_small.o [4]
  .text              ro code   0x800'2fa8     0x2  I64DivZer.o [4]
  .text              ro code   0x800'2fac    0x88  stm32f4xx_it.o [1]
  .text              ro code   0x800'3034    0x60  system_stm32f4xx.o [1]
  .text              ro code   0x800'3094    0x38  packbits_init_single.o [4]
  .text              ro code   0x800'30cc    0x28  data_init.o [4]
  .text              ro code   0x800'30f4    0x22  fpinit_M.o [3]
  .iar.init_table    const     0x800'3118    0x20  - Linker created -
  .text              ro code   0x800'3138    0x1e  cmain.o [4]
  .text              ro code   0x800'3156     0x4  low_level_init.o [2]
  .text              ro code   0x800'315a     0x4  exit.o [2]
  .text              ro code   0x800'3160     0xa  cexit.o [4]
  .text              ro code   0x800'316c    0x14  exit.o [5]
  .text              ro code   0x800'3180    0x10  startup_stm32f427xx.o [1]
  .rodata            const     0x800'3190     0xc  main.o [1]
  .text              ro code   0x800'319c     0xc  cstartup_M.o [4]
  .rodata            const     0x800'31a8     0x8  system_stm32f4xx.o [1]
  .text              ro code   0x800'31b0     0x4  startup_stm32f427xx.o [1]
  .text              ro code   0x800'31b4     0x4  startup_stm32f427xx.o [1]
  .text              ro code   0x800'31b8     0x4  startup_stm32f427xx.o [1]
  .text              ro code   0x800'31bc     0x4  startup_stm32f427xx.o [1]
  .text              ro code   0x800'31c0     0x4  startup_stm32f427xx.o [1]
  .text              ro code   0x800'31c4     0x4  startup_stm32f427xx.o [1]
  .text              ro code   0x800'31c8     0x4  startup_stm32f427xx.o [1]
  .text              ro code   0x800'31cc     0x4  startup_stm32f427xx.o [1]
  .text              ro code   0x800'31d0     0x4  startup_stm32f427xx.o [1]
  .text              ro code   0x800'31d4     0x4  startup_stm32f427xx.o [1]
  .text              ro code   0x800'31d8     0x4  startup_stm32f427xx.o [1]
  .text              ro code   0x800'31dc     0x4  startup_stm32f427xx.o [1]
  .text              ro code   0x800'31e0     0x4  startup_stm32f427xx.o [1]
  .text              ro code   0x800'31e4     0x4  startup_stm32f427xx.o [1]
  .text              ro code   0x800'31e8     0x4  startup_stm32f427xx.o [1]
  .text              ro code   0x800'31ec     0x4  startup_stm32f427xx.o [1]
  .text              ro code   0x800'31f0     0x4  startup_stm32f427xx.o [1]
  .text              ro code   0x800'31f4     0x4  startup_stm32f427xx.o [1]
  .text              ro code   0x800'31f8     0x4  startup_stm32f427xx.o [1]
  .text              ro code   0x800'31fc     0x4  startup_stm32f427xx.o [1]
  .text              ro code   0x800'3200     0x4  startup_stm32f427xx.o [1]
  .text              ro code   0x800'3204     0x4  startup_stm32f427xx.o [1]
  .text              ro code   0x800'3208     0x4  startup_stm32f427xx.o [1]
  .text              ro code   0x800'320c     0x4  startup_stm32f427xx.o [1]
  .text              ro code   0x800'3210     0x4  startup_stm32f427xx.o [1]
  .text              ro code   0x800'3214     0x4  startup_stm32f427xx.o [1]
  .text              ro code   0x800'3218     0x4  startup_stm32f427xx.o [1]
  .text              ro code   0x800'321c     0x4  startup_stm32f427xx.o [1]
  .text              ro code   0x800'3220     0x4  startup_stm32f427xx.o [1]
  .text              ro code   0x800'3224     0x4  startup_stm32f427xx.o [1]
  .text              ro code   0x800'3228     0x4  startup_stm32f427xx.o [1]
  .text              ro code   0x800'322c     0x4  startup_stm32f427xx.o [1]
  .text              ro code   0x800'3230     0x4  startup_stm32f427xx.o [1]
  .text              ro code   0x800'3234     0x4  startup_stm32f427xx.o [1]
  .text              ro code   0x800'3238     0x4  startup_stm32f427xx.o [1]
  .text              ro code   0x800'323c     0x4  startup_stm32f427xx.o [1]
  .text              ro code   0x800'3240     0x4  startup_stm32f427xx.o [1]
  .text              ro code   0x800'3244     0x4  startup_stm32f427xx.o [1]
  .text              ro code   0x800'3248     0x4  startup_stm32f427xx.o [1]
  .text              ro code   0x800'324c     0x4  startup_stm32f427xx.o [1]
  .text              ro code   0x800'3250     0x4  startup_stm32f427xx.o [1]
  .text              ro code   0x800'3254     0x4  startup_stm32f427xx.o [1]
  .text              ro code   0x800'3258     0x4  startup_stm32f427xx.o [1]
  .text              ro code   0x800'325c     0x4  startup_stm32f427xx.o [1]
  .text              ro code   0x800'3260     0x4  startup_stm32f427xx.o [1]
  .text              ro code   0x800'3264     0x4  startup_stm32f427xx.o [1]
  .text              ro code   0x800'3268     0x4  startup_stm32f427xx.o [1]
  .text              ro code   0x800'326c     0x4  startup_stm32f427xx.o [1]
  .text              ro code   0x800'3270     0x4  startup_stm32f427xx.o [1]
  .text              ro code   0x800'3274     0x4  startup_stm32f427xx.o [1]
  .text              ro code   0x800'3278     0x4  startup_stm32f427xx.o [1]
  .text              ro code   0x800'327c     0x4  startup_stm32f427xx.o [1]
  .text              ro code   0x800'3280     0x4  startup_stm32f427xx.o [1]
  .text              ro code   0x800'3284     0x4  startup_stm32f427xx.o [1]
  .text              ro code   0x800'3288     0x4  startup_stm32f427xx.o [1]
  .text              ro code   0x800'328c     0x4  startup_stm32f427xx.o [1]
  .text              ro code   0x800'3290     0x4  startup_stm32f427xx.o [1]
  .text              ro code   0x800'3294     0x4  startup_stm32f427xx.o [1]
  .text              ro code   0x800'3298     0x4  startup_stm32f427xx.o [1]
  .text              ro code   0x800'329c     0x4  startup_stm32f427xx.o [1]
  .text              ro code   0x800'32a0     0x4  startup_stm32f427xx.o [1]
  .text              ro code   0x800'32a4     0x4  startup_stm32f427xx.o [1]
  .text              ro code   0x800'32a8     0x4  startup_stm32f427xx.o [1]
  .text              ro code   0x800'32ac     0x4  startup_stm32f427xx.o [1]
  .text              ro code   0x800'32b0     0x4  startup_stm32f427xx.o [1]
  .text              ro code   0x800'32b4     0x4  startup_stm32f427xx.o [1]
  .text              ro code   0x800'32b8     0x4  startup_stm32f427xx.o [1]
  .text              ro code   0x800'32bc     0x4  startup_stm32f427xx.o [1]
  .text              ro code   0x800'32c0     0x4  startup_stm32f427xx.o [1]
  .text              ro code   0x800'32c4     0x4  startup_stm32f427xx.o [1]
  .text              ro code   0x800'32c8     0x4  startup_stm32f427xx.o [1]
  .text              ro code   0x800'32cc     0x4  startup_stm32f427xx.o [1]
  .text              ro code   0x800'32d0     0x4  startup_stm32f427xx.o [1]
  .text              ro code   0x800'32d4     0x4  startup_stm32f427xx.o [1]
  .text              ro code   0x800'32d8     0x4  startup_stm32f427xx.o [1]
  .rodata            const     0x800'32dc     0x0  zero_init3.o [4]
  .rodata            const     0x800'32dc     0x0  packbits_init_single.o [4]
  Initializer bytes  const     0x800'32dc    0x12  <for P2-1>
                             - 0x800'32ee  0x3142

"P2", part 1 of 3:                           0x1c
  P2-1                        0x2000'0000    0x1c  <Init block>
    .data            inited   0x2000'0000     0xc  port.o [1]
    .data            inited   0x2000'000c     0xc  stm32f4xx_hal.o [1]
    .data            inited   0x2000'0018     0x4  system_stm32f4xx.o [1]
                            - 0x2000'001c    0x1c

"P2", part 2 of 3:                         0x436c
  .bss               zero     0x2000'001c  0x3c18  heap_4.o [1]
  .bss               zero     0x2000'3c34   0x254  freertos.o [1]
  .bss               zero     0x2000'3e88   0x214  main.o [1]
  .bss               zero     0x2000'409c    0x9c  tasks.o [1]
  .bss               zero     0x2000'4138    0x8c  tasks.o [1]
  .bss               zero     0x2000'41c4    0x60  main.o [1]
  .bss               zero     0x2000'4224    0x60  main.o [1]
  .bss               zero     0x2000'4284    0x60  main.o [1]
  .bss               zero     0x2000'42e4    0x60  main.o [1]
  .bss               zero     0x2000'4344    0x40  stm32f4xx_hal_timebase_tim.o [1]
  .bss               zero     0x2000'4384     0x4  stm32f4xx_hal_msp.o [1]
                            - 0x2000'4388  0x436c

"P2", part 3 of 3:                          0x400
  CSTACK                      0x2000'4388   0x400  <Block>
    CSTACK           uninit   0x2000'4388   0x400  <Block tail>
                            - 0x2000'4788   0x400

Unused ranges:

         From           To       Size
         ----           --       ----
   0x800'32ee   0x81f'ffff  0x1f'cd12
  0x2000'4788  0x2002'ffff   0x2'b878


*******************************************************************************
*** INIT TABLE
***

          Address      Size
          -------      ----
Zero (__iar_zero_init3)
    1 destination range, total size 0x436c:
          0x2000'001c  0x436c

Copy/packbits (__iar_packbits_init_single3)
    1 source range, total size 0x12 (64% of destination):
           0x800'32dc    0x12
    1 destination range, total size 0x1c:
          0x2000'0000    0x1c



*******************************************************************************
*** MODULE SUMMARY
***

    Module                        ro code  ro data  rw data
    ------                        -------  -------  -------
command line/config:
    -------------------------------------------------------
    Total:

D:\RM2020_Wandering\EWARM\RM2020_Wandering\Obj: [1]
    cmsis_os.o                        130
    freertos.o                         20               596
    heap_4.o                          436            15'384
    list.o                            146
    main.o                          1'224       12      916
    port.o                            440        7       12
    portasm.o                         176
    startup_stm32f427xx.o             744
    stm32f4xx_hal.o                    80        8       12
    stm32f4xx_hal_can.o               804
    stm32f4xx_hal_cortex.o            152
    stm32f4xx_hal_dma.o               772
    stm32f4xx_hal_gpio.o              516
    stm32f4xx_hal_msp.o             1'388                 4
    stm32f4xx_hal_rcc.o             1'196
    stm32f4xx_hal_tim.o             1'242
    stm32f4xx_hal_tim_ex.o             66
    stm32f4xx_hal_timebase_tim.o      124                64
    stm32f4xx_hal_uart.o            1'050
    stm32f4xx_it.o                    136
    system_stm32f4xx.o                 96       11        4
    tasks.o                         1'416               296
    -------------------------------------------------------
    Total:                         12'354       38   17'288

dl7M_tlf.a: [2]
    exit.o                              4
    low_level_init.o                    4
    -------------------------------------------------------
    Total:                              8

m7M_tls.a: [3]
    fpinit_M.o                         34
    -------------------------------------------------------
    Total:                             34

rt7M_tl.a: [4]
    ABImemcpy_small.o                  24
    ABImemset_small.o                  18
    I64DivMod_small.o                 262
    I64DivZer.o                         2
    cexit.o                            10
    cmain.o                            30
    cstartup_M.o                       12
    data_init.o                        40
    memset.o                           20
    packbits_init_single.o             56
    zero_init3.o                       58
    -------------------------------------------------------
    Total:                            532

shb_l.a: [5]
    exit.o                             20
    -------------------------------------------------------
    Total:                             20

    Gaps                               18        2
    Linker created                              32    1'024
-----------------------------------------------------------
    Grand Total:                   12'966       72   18'312


*******************************************************************************
*** ENTRY LIST
***

Entry                       Address    Size  Type      Object
-----                       -------    ----  ----      ------
.iar.init_table$$Base    0x800'3118           --   Gb  - Linker created -
.iar.init_table$$Limit   0x800'3138           --   Gb  - Linker created -
?main                    0x800'3139          Code  Gb  cmain.o [4]
AHBPrescTable            0x800'3084    0x10  Data  Gb  system_stm32f4xx.o [1]
APBPrescTable            0x800'31a8     0x8  Data  Gb  system_stm32f4xx.o [1]
BusFault_Handler         0x800'2fb3     0x2  Code  Gb  stm32f4xx_it.o [1]
CAN1_RX0_IRQHandler      0x800'2fc9     0x2  Code  Gb  stm32f4xx_it.o [1]
CAN1_TX_IRQHandler       0x800'2fc5     0x2  Code  Gb  stm32f4xx_it.o [1]
CAN2_RX0_IRQHandler      0x800'2ff9     0x2  Code  Gb  stm32f4xx_it.o [1]
CAN2_TX_IRQHandler       0x800'2ff5     0x2  Code  Gb  stm32f4xx_it.o [1]
CSTACK$$Base            0x2000'4388           --   Gb  - Linker created -
CSTACK$$Limit           0x2000'4788           --   Gb  - Linker created -
DMA1_Stream1_IRQHandler
                         0x800'2fb9     0x6  Code  Gb  stm32f4xx_it.o [1]
DMA1_Stream5_IRQHandler
                         0x800'2fbf     0x6  Code  Gb  stm32f4xx_it.o [1]
DMA2_Stream1_IRQHandler
                         0x800'2fe9     0x6  Code  Gb  stm32f4xx_it.o [1]
DMA2_Stream2_IRQHandler
                         0x800'2fef     0x6  Code  Gb  stm32f4xx_it.o [1]
DMA_CalcBaseAndBitshift
                         0x800'1721    0x26  Code  Lc  stm32f4xx_hal_dma.o [1]
DMA_CalcBaseAndBitshift::flagBitshiftOffset
                         0x800'1748     0x8  Data  Lc  stm32f4xx_hal_dma.o [1]
DebugMon_Handler         0x800'2fb7     0x2  Code  Gb  stm32f4xx_it.o [1]
Error_Handler            0x800'1bf9     0x2  Code  Gb  main.o [1]
HAL_CAN_IRQHandler       0x800'1d7f   0x1f8  Code  Gb  stm32f4xx_hal_can.o [1]
HAL_CAN_Init             0x800'1c6d    0xe4  Code  Gb  stm32f4xx_hal_can.o [1]
HAL_CAN_MspInit          0x800'0c6f    0xf2  Code  Gb  stm32f4xx_hal_msp.o [1]
HAL_DMA_Abort_IT         0x800'153b    0x24  Code  Gb  stm32f4xx_hal_dma.o [1]
HAL_DMA_IRQHandler       0x800'155f   0x188  Code  Gb  stm32f4xx_hal_dma.o [1]
HAL_DMA_Init             0x800'144d    0xee  Code  Gb  stm32f4xx_hal_dma.o [1]
HAL_GPIO_Init            0x800'1235   0x1c6  Code  Gb  stm32f4xx_hal_gpio.o [1]
HAL_GPIO_WritePin        0x800'13fb     0x8  Code  Gb  stm32f4xx_hal_gpio.o [1]
HAL_GetTick              0x800'1c2d     0xc  Code  Wk  stm32f4xx_hal.o [1]
HAL_IncTick              0x800'2de9    0x10  Code  Wk  stm32f4xx_hal.o [1]
HAL_Init                 0x800'1c39    0x30  Code  Gb  stm32f4xx_hal.o [1]
HAL_InitTick             0x800'2df9    0x6a  Code  Gb  stm32f4xx_hal_timebase_tim.o [1]
HAL_MspInit              0x800'0c31    0x3e  Code  Gb  stm32f4xx_hal_msp.o [1]
HAL_NVIC_EnableIRQ       0x800'120b    0x16  Code  Gb  stm32f4xx_hal_cortex.o [1]
HAL_NVIC_SetPriority     0x800'11d1    0x3a  Code  Gb  stm32f4xx_hal_cortex.o [1]
HAL_NVIC_SetPriorityGrouping
                         0x800'11b7    0x1a  Code  Gb  stm32f4xx_hal_cortex.o [1]
HAL_RCC_CAN1_CLK_ENABLED
                        0x2000'4384     0x4  Data  Lc  stm32f4xx_hal_msp.o [1]
HAL_RCC_ClockConfig      0x800'2c0d    0xfe  Code  Gb  stm32f4xx_hal_rcc.o [1]
HAL_RCC_GetClockConfig   0x800'2d3b    0x36  Code  Gb  stm32f4xx_hal_rcc.o [1]
HAL_RCC_GetPCLK1Freq     0x800'2d17    0x10  Code  Gb  stm32f4xx_hal_rcc.o [1]
HAL_RCC_GetPCLK2Freq     0x800'2d27     0xe  Code  Gb  stm32f4xx_hal_rcc.o [1]
HAL_RCC_OscConfig        0x800'293d   0x2d0  Code  Wk  stm32f4xx_hal_rcc.o [1]
HAL_TIMEx_BreakCallback
                         0x800'2e93     0x2  Code  Wk  stm32f4xx_hal_tim_ex.o [1]
HAL_TIMEx_CommutCallback
                         0x800'2e97     0x2  Code  Wk  stm32f4xx_hal_tim_ex.o [1]
HAL_TIMEx_MasterConfigSynchronization
                         0x800'28fd    0x3e  Code  Gb  stm32f4xx_hal_tim_ex.o [1]
HAL_TIM_Base_Init        0x800'1f79    0x1a  Code  Gb  stm32f4xx_hal_tim.o [1]
HAL_TIM_Base_Start_IT    0x800'1f93    0x20  Code  Gb  stm32f4xx_hal_tim.o [1]
HAL_TIM_IRQHandler       0x800'1ff1   0x142  Code  Gb  stm32f4xx_hal_tim.o [1]
HAL_TIM_MspPostInit      0x800'0dfd    0xca  Code  Gb  stm32f4xx_hal_msp.o [1]
HAL_TIM_PWM_ConfigChannel
                         0x800'2139    0xbc  Code  Gb  stm32f4xx_hal_tim.o [1]
HAL_TIM_PWM_Init         0x800'1fc7    0x1a  Code  Gb  stm32f4xx_hal_tim.o [1]
HAL_TIM_PWM_MspInit      0x800'0d9b    0x62  Code  Gb  stm32f4xx_hal_msp.o [1]
HAL_TIM_PeriodElapsedCallback
                         0x800'1b9d     0xe  Code  Gb  main.o [1]
HAL_UART_IRQHandler      0x800'24cf   0x14e  Code  Gb  stm32f4xx_hal_uart.o [1]
HAL_UART_Init            0x800'244d    0x1e  Code  Gb  stm32f4xx_hal_uart.o [1]
HAL_UART_MspInit         0x800'0ee5   0x202  Code  Gb  stm32f4xx_hal_msp.o [1]
HardFault_Handler        0x800'2faf     0x2  Code  Gb  stm32f4xx_it.o [1]
MemManage_Handler        0x800'2fb1     0x2  Code  Gb  stm32f4xx_it.o [1]
NMI_Handler              0x800'2fad     0x2  Code  Gb  stm32f4xx_it.o [1]
PendSV_Handler           0x800'0b81          Code  Gb  portasm.o [1]
Region$$Table$$Base      0x800'3118           --   Gb  - Linker created -
Region$$Table$$Limit     0x800'3138           --   Gb  - Linker created -
SVC_Handler              0x800'0bd9          Code  Gb  portasm.o [1]
StartDefaultTask         0x800'1b93     0xa  Code  Gb  main.o [1]
SysTick_Handler          0x800'0af1    0x26  Code  Gb  port.o [1]
SystemClock_Config       0x800'1b19    0x7a  Code  Gb  main.o [1]
SystemCoreClock         0x2000'0018     0x4  Data  Gb  system_stm32f4xx.o [1]
SystemInit               0x800'3035    0x3a  Code  Gb  system_stm32f4xx.o [1]
TIM1_UP_TIM10_IRQHandler
                         0x800'2fd1     0x6  Code  Gb  stm32f4xx_it.o [1]
TIM_Base_SetConfig       0x800'2229    0x96  Code  Gb  stm32f4xx_hal_tim.o [1]
TIM_OC1_SetConfig        0x800'22bf    0x58  Code  Lc  stm32f4xx_hal_tim.o [1]
TIM_OC2_SetConfig        0x800'2317    0x60  Code  Gb  stm32f4xx_hal_tim.o [1]
TIM_OC3_SetConfig        0x800'2377    0x5e  Code  Lc  stm32f4xx_hal_tim.o [1]
TIM_OC4_SetConfig        0x800'23d5    0x46  Code  Lc  stm32f4xx_hal_tim.o [1]
UART_DMAAbortOnError     0x800'2639     0xc  Code  Lc  stm32f4xx_hal_uart.o [1]
UART_EndRxTransfer       0x800'261d    0x1c  Code  Lc  stm32f4xx_hal_uart.o [1]
UART_Receive_IT          0x800'2645    0x92  Code  Lc  stm32f4xx_hal_uart.o [1]
UART_SetConfig           0x800'26d7   0x13e  Code  Lc  stm32f4xx_hal_uart.o [1]
USART1_IRQHandler        0x800'2fd7     0x6  Code  Gb  stm32f4xx_it.o [1]
USART2_IRQHandler        0x800'2fdd     0x6  Code  Gb  stm32f4xx_it.o [1]
USART3_IRQHandler        0x800'2fe3     0x6  Code  Gb  stm32f4xx_it.o [1]
USART6_IRQHandler        0x800'3001     0x6  Code  Gb  stm32f4xx_it.o [1]
UsageFault_Handler       0x800'2fb5     0x2  Code  Gb  stm32f4xx_it.o [1]
__NVIC_SetPriority       0x800'119d    0x1a  Code  Lc  stm32f4xx_hal_cortex.o [1]
__aeabi_ldiv0            0x800'2fa9          Code  Gb  I64DivZer.o [4]
__cmain                  0x800'3139          Code  Gb  cmain.o [4]
__exit                   0x800'316d    0x14  Code  Gb  exit.o [5]
__iar_data_init3         0x800'30cd    0x28  Code  Gb  data_init.o [4]
__iar_init_vfp           0x800'30f5          Code  Gb  fpinit_M.o [3]
__iar_packbits_init_single3
                         0x800'3095    0x38  Code  Gb  packbits_init_single.o [4]
__iar_program_start      0x800'319d          Code  Gb  cstartup_M.o [4]
__iar_small_Memcpy       0x800'2865          Code  Gb  ABImemcpy_small.o [4]
__iar_small_Memset       0x800'1c19          Code  Gb  ABImemset_small.o [4]
__iar_small_Memset_word
                         0x800'1c19          Code  Gb  ABImemset_small.o [4]
__iar_small_memcpy       0x800'2861          Code  Gb  ABImemcpy_small.o [4]
__iar_small_memcpy4      0x800'2861          Code  Gb  ABImemcpy_small.o [4]
__iar_small_memcpy8      0x800'2861          Code  Gb  ABImemcpy_small.o [4]
__iar_small_memset       0x800'1c19          Code  Gb  ABImemset_small.o [4]
__iar_small_uldivmod     0x800'2ea1          Code  Gb  I64DivMod_small.o [4]
__iar_zero_init3         0x800'097b    0x3a  Code  Gb  zero_init3.o [4]
__low_level_init         0x800'3157     0x4  Code  Gb  low_level_init.o [2]
__vector_table           0x800'0000          Data  Gb  startup_stm32f427xx.o [1]
_call_main               0x800'3145          Code  Gb  cmain.o [4]
_exit                    0x800'3161          Code  Gb  cexit.o [4]
_main                    0x800'3153          Code  Gb  cmain.o [4]
defaultTaskHandle       0x2000'4098     0x4  Data  Gb  main.o [1]
exit                     0x800'315b     0x4  Code  Gb  exit.o [2]
hcan1                   0x2000'3e88    0x28  Data  Gb  main.o [1]
hcan2                   0x2000'3eb0    0x28  Data  Gb  main.o [1]
hdma_usart1_rx          0x2000'41c4    0x60  Data  Gb  main.o [1]
hdma_usart2_rx          0x2000'4224    0x60  Data  Gb  main.o [1]
hdma_usart3_rx          0x2000'4284    0x60  Data  Gb  main.o [1]
hdma_usart6_rx          0x2000'42e4    0x60  Data  Gb  main.o [1]
htim1                   0x2000'4344    0x40  Data  Gb  stm32f4xx_hal_timebase_tim.o [1]
htim3                   0x2000'3fd8    0x40  Data  Gb  main.o [1]
htim4                   0x2000'4018    0x40  Data  Gb  main.o [1]
htim5                   0x2000'4058    0x40  Data  Gb  main.o [1]
huart1                  0x2000'3ed8    0x40  Data  Gb  main.o [1]
huart2                  0x2000'3f18    0x40  Data  Gb  main.o [1]
huart3                  0x2000'3f58    0x40  Data  Gb  main.o [1]
huart6                  0x2000'3f98    0x40  Data  Gb  main.o [1]
main                     0x800'1751   0x358  Code  Gb  main.o [1]
makeFreeRtosPriority     0x800'2879     0xc  Code  Lc  cmsis_os.o [1]
memset                   0x800'1439    0x14  Code  Gb  memset.o [4]
osDelay                  0x800'28ed     0xe  Code  Gb  cmsis_os.o [1]
osKernelStart            0x800'2885     0xa  Code  Gb  cmsis_os.o [1]
osThreadCreate           0x800'288f    0x5e  Code  Gb  cmsis_os.o [1]
prvAddCurrentTaskToDelayedList
                         0x800'06b9    0x5e  Code  Lc  tasks.o [1]
prvAddNewTaskToReadyList
                         0x800'02dd    0xa8  Code  Lc  tasks.o [1]
prvDeleteTCB             0x800'0637    0x2e  Code  Lc  tasks.o [1]
prvIdleTask              0x800'05f5    0x42  Code  Lc  tasks.o [1]
prvInitialiseNewTask     0x800'0265    0x78  Code  Lc  tasks.o [1]
prvInsertBlockIntoFreeList
                         0x800'089b    0x46  Code  Lc  heap_4.o [1]
prvResetNextTaskUnblockTime
                         0x800'0665    0x1a  Code  Lc  tasks.o [1]
prvTaskExitError         0x800'09dd    0x1c  Code  Lc  port.o [1]
pvPortMalloc             0x800'0735   0x104  Code  Gb  heap_4.o [1]
pxCurrentTCB            0x2000'40c4     0x4  Data  Gb  tasks.o [1]
pxDelayedTaskList       0x2000'40c8     0x4  Data  Lc  tasks.o [1]
pxEnd                   0x2000'0024     0x4  Data  Lc  heap_4.o [1]
pxOverflowDelayedTaskList
                        0x2000'40cc     0x4  Data  Lc  tasks.o [1]
pxPortInitialiseStack    0x800'09b5    0x26  Code  Gb  port.o [1]
pxReadyTasksLists       0x2000'4138    0x8c  Data  Lc  tasks.o [1]
ucHeap                  0x2000'0034  0x3c00  Data  Lc  heap_4.o [1]
ucMaxSysCallPriority    0x2000'0000     0x1  Data  Lc  port.o [1]
ulMaxPRIGROUPValue      0x2000'0008     0x4  Data  Lc  port.o [1]
uwTick                  0x2000'0010     0x4  Data  Gb  stm32f4xx_hal.o [1]
uwTickFreq              0x2000'000c     0x1  Data  Gb  stm32f4xx_hal.o [1]
uwTickPrio              0x2000'0014     0x4  Data  Gb  stm32f4xx_hal.o [1]
uxCriticalNesting       0x2000'0004     0x4  Data  Lc  port.o [1]
uxCurrentNumberOfTasks  0x2000'40e8     0x4  Data  Lc  tasks.o [1]
uxDeletedTasksWaitingCleanUp
                        0x2000'40d0     0x4  Data  Lc  tasks.o [1]
uxListRemove             0x800'0955    0x26  Code  Gb  list.o [1]
uxPendedTicks           0x2000'40f8     0x4  Data  Lc  tasks.o [1]
uxSchedulerSuspended    0x2000'410c     0x4  Data  Lc  tasks.o [1]
uxTaskNumber            0x2000'4104     0x4  Data  Lc  tasks.o [1]
uxTopReadyPriority      0x2000'40f0     0x4  Data  Lc  tasks.o [1]
vApplicationGetIdleTaskMemory
                         0x800'0b6d    0x14  Code  Gb  freertos.o [1]
vListInitialise          0x800'08e9    0x1a  Code  Gb  list.o [1]
vListInitialiseItem      0x800'0903     0x6  Code  Gb  list.o [1]
vListInsert              0x800'0923    0x32  Code  Gb  list.o [1]
vListInsertEnd           0x800'0909    0x1a  Code  Gb  list.o [1]
vPortEnableVFP           0x800'0c15          Code  Gb  portasm.o [1]
vPortEnterCritical       0x800'0a9d    0x32  Code  Gb  port.o [1]
vPortExitCritical        0x800'0acf    0x22  Code  Gb  port.o [1]
vPortFree                0x800'0847    0x46  Code  Gb  heap_4.o [1]
vPortStartFirstTask      0x800'0bf5          Code  Gb  portasm.o [1]
vTaskDelay               0x800'0385    0x2e  Code  Gb  tasks.o [1]
vTaskStartScheduler      0x800'03b9    0x54  Code  Gb  tasks.o [1]
vTaskSuspendAll          0x800'0415     0xc  Code  Gb  tasks.o [1]
vTaskSwitchContext       0x800'0585    0x52  Code  Gb  tasks.o [1]
xBlockAllocatedBit      0x2000'0030     0x4  Data  Lc  heap_4.o [1]
xDelayedTaskList1       0x2000'4110    0x14  Data  Lc  tasks.o [1]
xDelayedTaskList2       0x2000'4124    0x14  Data  Lc  tasks.o [1]
xFreeBytesRemaining     0x2000'0028     0x4  Data  Lc  heap_4.o [1]
xIdleStack              0x2000'3c88   0x200  Data  Lc  freertos.o [1]
xIdleTaskTCBBuffer      0x2000'3c34    0x54  Data  Lc  freertos.o [1]
xMinimumEverFreeBytesRemaining
                        0x2000'002c     0x4  Data  Lc  heap_4.o [1]
xNextTaskUnblockTime    0x2000'4108     0x4  Data  Lc  tasks.o [1]
xNumOfOverflows         0x2000'4100     0x4  Data  Lc  tasks.o [1]
xPendingReadyList       0x2000'409c    0x14  Data  Lc  tasks.o [1]
xPortStartScheduler      0x800'09f9    0xa4  Code  Gb  port.o [1]
xSchedulerRunning       0x2000'40f4     0x4  Data  Lc  tasks.o [1]
xStart                  0x2000'001c     0x8  Data  Lc  heap_4.o [1]
xSuspendedTaskList      0x2000'40d4    0x14  Data  Lc  tasks.o [1]
xTaskCreate              0x800'0209    0x5c  Code  Gb  tasks.o [1]
xTaskCreateStatic        0x800'01ad    0x5c  Code  Gb  tasks.o [1]
xTaskIncrementTick       0x800'04c9    0xbc  Code  Gb  tasks.o [1]
xTaskResumeAll           0x800'0421    0x98  Code  Gb  tasks.o [1]
xTasksWaitingTermination
                        0x2000'40b0    0x14  Data  Lc  tasks.o [1]
xTickCount              0x2000'40ec     0x4  Data  Lc  tasks.o [1]
xYieldPending           0x2000'40fc     0x4  Data  Lc  tasks.o [1]


[1] = D:\RM2020_Wandering\EWARM\RM2020_Wandering\Obj
[2] = dl7M_tlf.a
[3] = m7M_tls.a
[4] = rt7M_tl.a
[5] = shb_l.a

  12'966 bytes of readonly  code memory
      72 bytes of readonly  data memory
  18'312 bytes of readwrite data memory

Errors: none
Warnings: none
