###############################################################################
#
# IAR ELF Linker V8.40.2.214/W32 for ARM                  27/Nov/2019  11:34:37
# Copyright 2007-2019 IAR Systems AB.
#
#    Output file  =
#        D:\RM2020_Wandering\EWARM\RM2020_Wandering\Exe\RM2020_Wandering.out
#    Map file     =
#        D:\RM2020_Wandering\EWARM\RM2020_Wandering\List\RM2020_Wandering.map
#    Command line =
#        -f C:\Users\lenovo\AppData\Local\Temp\EWEF0A.tmp
#        (D:\RM2020_Wandering\EWARM\RM2020_Wandering\Obj\can.o
#        D:\RM2020_Wandering\EWARM\RM2020_Wandering\Obj\cmsis_os.o
#        D:\RM2020_Wandering\EWARM\RM2020_Wandering\Obj\croutine.o
#        D:\RM2020_Wandering\EWARM\RM2020_Wandering\Obj\event_groups.o
#        D:\RM2020_Wandering\EWARM\RM2020_Wandering\Obj\freertos.o
#        D:\RM2020_Wandering\EWARM\RM2020_Wandering\Obj\heap_4.o
#        D:\RM2020_Wandering\EWARM\RM2020_Wandering\Obj\list.o
#        D:\RM2020_Wandering\EWARM\RM2020_Wandering\Obj\main.o
#        D:\RM2020_Wandering\EWARM\RM2020_Wandering\Obj\port.o
#        D:\RM2020_Wandering\EWARM\RM2020_Wandering\Obj\portasm.o
#        D:\RM2020_Wandering\EWARM\RM2020_Wandering\Obj\queue.o
#        D:\RM2020_Wandering\EWARM\RM2020_Wandering\Obj\startup_stm32f427xx.o
#        D:\RM2020_Wandering\EWARM\RM2020_Wandering\Obj\stm32f4xx_hal.o
#        D:\RM2020_Wandering\EWARM\RM2020_Wandering\Obj\stm32f4xx_hal_can.o
#        D:\RM2020_Wandering\EWARM\RM2020_Wandering\Obj\stm32f4xx_hal_cortex.o
#        D:\RM2020_Wandering\EWARM\RM2020_Wandering\Obj\stm32f4xx_hal_dma.o
#        D:\RM2020_Wandering\EWARM\RM2020_Wandering\Obj\stm32f4xx_hal_dma_ex.o
#        D:\RM2020_Wandering\EWARM\RM2020_Wandering\Obj\stm32f4xx_hal_exti.o
#        D:\RM2020_Wandering\EWARM\RM2020_Wandering\Obj\stm32f4xx_hal_flash.o
#        D:\RM2020_Wandering\EWARM\RM2020_Wandering\Obj\stm32f4xx_hal_flash_ex.o
#        D:\RM2020_Wandering\EWARM\RM2020_Wandering\Obj\stm32f4xx_hal_flash_ramfunc.o
#        D:\RM2020_Wandering\EWARM\RM2020_Wandering\Obj\stm32f4xx_hal_gpio.o
#        D:\RM2020_Wandering\EWARM\RM2020_Wandering\Obj\stm32f4xx_hal_msp.o
#        D:\RM2020_Wandering\EWARM\RM2020_Wandering\Obj\stm32f4xx_hal_pwr.o
#        D:\RM2020_Wandering\EWARM\RM2020_Wandering\Obj\stm32f4xx_hal_pwr_ex.o
#        D:\RM2020_Wandering\EWARM\RM2020_Wandering\Obj\stm32f4xx_hal_rcc.o
#        D:\RM2020_Wandering\EWARM\RM2020_Wandering\Obj\stm32f4xx_hal_rcc_ex.o
#        D:\RM2020_Wandering\EWARM\RM2020_Wandering\Obj\stm32f4xx_hal_tim.o
#        D:\RM2020_Wandering\EWARM\RM2020_Wandering\Obj\stm32f4xx_hal_tim_ex.o
#        D:\RM2020_Wandering\EWARM\RM2020_Wandering\Obj\stm32f4xx_hal_timebase_tim.o
#        D:\RM2020_Wandering\EWARM\RM2020_Wandering\Obj\stm32f4xx_hal_uart.o
#        D:\RM2020_Wandering\EWARM\RM2020_Wandering\Obj\stm32f4xx_it.o
#        D:\RM2020_Wandering\EWARM\RM2020_Wandering\Obj\stream_buffer.o
#        D:\RM2020_Wandering\EWARM\RM2020_Wandering\Obj\system_stm32f4xx.o
#        D:\RM2020_Wandering\EWARM\RM2020_Wandering\Obj\tasks.o
#        D:\RM2020_Wandering\EWARM\RM2020_Wandering\Obj\timers.o --redirect
#        _Printf=_PrintfFull --redirect _Scanf=_ScanfFull --no_out_extension -o
#        D:\RM2020_Wandering\EWARM\RM2020_Wandering\Exe\RM2020_Wandering.out
#        --map
#        D:\RM2020_Wandering\EWARM\RM2020_Wandering\List\RM2020_Wandering.map
#        --config D:\RM2020_Wandering\EWARM/stm32f427xx_flash.icf --semihosting
#        --entry __iar_program_start --vfe --text_out locale)
#
###############################################################################

*******************************************************************************
*** RUNTIME MODEL ATTRIBUTES
***

CppFlavor       = *
__SystemLibrary = DLib
__dlib_version  = 6


*******************************************************************************
*** HEAP SELECTION
***

The basic heap was selected because no calls to memory allocation
functions were found in the application outside of system library
functions, and there are calls to deallocation functions in the
application.


*******************************************************************************
*** PLACEMENT SUMMARY
***

"A0":  place at address 0x800'0000 { ro section .intvec };
"P1":  place in [from 0x800'0000 to 0x81f'ffff] { ro };
define block CSTACK with size = 1K, alignment = 8 { };
define block HEAP with size = 512, alignment = 8 { };
"P2":  place in [from 0x2000'0000 to 0x2002'ffff] {
          rw, block CSTACK, block HEAP };
initialize by copy { rw };

  Section            Kind         Address    Size  Object
  -------            ----         -------    ----  ------
"A0":                                       0x1ac
  .intvec            ro code   0x800'0000   0x1ac  startup_stm32f427xx.o [1]
                             - 0x800'01ac   0x1ac

"P1":                                      0x2ec6
  .text              ro code   0x800'01ac   0x588  tasks.o [1]
  .text              ro code   0x800'0734   0x1b4  heap_4.o [1]
  .text              ro code   0x800'08e8    0x92  list.o [1]
  .text              ro code   0x800'097a    0x3a  zero_init3.o [4]
  .text              ro code   0x800'09b4   0x1b8  port.o [1]
  .text              ro code   0x800'0b6c    0x14  freertos.o [1]
  CODE               ro code   0x800'0b80    0xb0  portasm.o [1]
  .text              ro code   0x800'0c30   0x4d2  stm32f4xx_hal_tim.o [1]
  .text              ro code   0x800'1104   0x434  stm32f4xx_hal_msp.o [1]
  .text              ro code   0x800'1538     0x2  stm32f4xx_hal_tim.o [1]
  .text              ro code   0x800'153a     0x2  stm32f4xx_hal_tim.o [1]
  .text              ro code   0x800'153c   0x494  main.o [1]
  .text              ro code   0x800'19d0     0x2  stm32f4xx_hal_tim_ex.o [1]
  .text              ro code   0x800'19d2     0x2  stm32f4xx_hal_tim.o [1]
  .text              ro code   0x800'19d4     0x2  stm32f4xx_hal_tim_ex.o [1]
  .text              ro code   0x800'19d6     0x2  stm32f4xx_hal_tim.o [1]
  .text              ro code   0x800'19d8    0x98  stm32f4xx_hal_cortex.o [1]
  .text              ro code   0x800'1a70   0x204  stm32f4xx_hal_gpio.o [1]
  .text              ro code   0x800'1c74   0x304  stm32f4xx_hal_dma.o [1]
  .text              ro code   0x800'1f78    0x14  memset.o [4]
  .text              ro code   0x800'1f8c    0x34  stm32f4xx_hal.o [1]
  .text              ro code   0x800'1fc0   0x414  stm32f4xx_hal_uart.o [1]
  .text              ro code   0x800'23d4    0x18  ABImemcpy_small.o [4]
  .text              ro code   0x800'23ec    0x82  cmsis_os.o [1]
  .text              ro code   0x800'2470    0x3e  stm32f4xx_hal_tim_ex.o [1]
  .text              ro code   0x800'24b0   0x2d0  stm32f4xx_hal_rcc.o [1]
  .text              ro code   0x800'2780   0x1dc  stm32f4xx_hal_rcc.o [1]
  .text              ro code   0x800'295c    0x10  stm32f4xx_hal.o [1]
  .text              ro code   0x800'296c     0xc  stm32f4xx_hal.o [1]
  .text              ro code   0x800'2978    0x12  ABImemset_small.o [4]
  .text              ro code   0x800'298c    0x7c  stm32f4xx_hal_timebase_tim.o [1]
  .text              ro code   0x800'2a08     0x2  stm32f4xx_hal_uart.o [1]
  .text              ro code   0x800'2a0a     0x2  stm32f4xx_hal_uart.o [1]
  .text              ro code   0x800'2a0c     0x2  stm32f4xx_hal_uart.o [1]
  .text              ro code   0x800'2a10   0x106  I64DivMod_small.o [4]
  .text              ro code   0x800'2b18     0x2  I64DivZer.o [4]
  .text              ro code   0x800'2b1c   0x1f8  stm32f4xx_hal_can.o [1]
  .text              ro code   0x800'2d14     0x2  stm32f4xx_hal_can.o [1]
  .text              ro code   0x800'2d16     0x2  stm32f4xx_hal_can.o [1]
  .text              ro code   0x800'2d18     0x2  stm32f4xx_hal_can.o [1]
  .text              ro code   0x800'2d1a     0x2  stm32f4xx_hal_can.o [1]
  .text              ro code   0x800'2d1c     0x2  stm32f4xx_hal_can.o [1]
  .text              ro code   0x800'2d1e     0x2  stm32f4xx_hal_can.o [1]
  .text              ro code   0x800'2d20     0x2  stm32f4xx_hal_can.o [1]
  .text              ro code   0x800'2d22     0x2  stm32f4xx_hal_can.o [1]
  .text              ro code   0x800'2d24     0x2  stm32f4xx_hal_can.o [1]
  .text              ro code   0x800'2d26     0x2  stm32f4xx_hal_can.o [1]
  .text              ro code   0x800'2d28     0x2  stm32f4xx_hal_can.o [1]
  .text              ro code   0x800'2d2a     0x2  stm32f4xx_hal_can.o [1]
  .text              ro code   0x800'2d2c     0x2  stm32f4xx_hal_can.o [1]
  .text              ro code   0x800'2d30    0x88  stm32f4xx_it.o [1]
  .text              ro code   0x800'2db8    0x60  system_stm32f4xx.o [1]
  .text              ro code   0x800'2e18    0x38  packbits_init_single.o [4]
  .text              ro code   0x800'2e50    0x28  data_init.o [4]
  .text              ro code   0x800'2e78    0x22  fpinit_M.o [3]
  .iar.init_table    const     0x800'2e9c    0x20  - Linker created -
  .text              ro code   0x800'2ebc    0x1e  cmain.o [4]
  .text              ro code   0x800'2eda     0x4  low_level_init.o [2]
  .text              ro code   0x800'2ede     0x4  exit.o [2]
  .text              ro code   0x800'2ee4     0xa  cexit.o [4]
  .text              ro code   0x800'2ef0    0x14  exit.o [5]
  .text              ro code   0x800'2f04    0x10  startup_stm32f427xx.o [1]
  .rodata            const     0x800'2f14     0xc  main.o [1]
  .text              ro code   0x800'2f20     0xc  cstartup_M.o [4]
  .rodata            const     0x800'2f2c     0x8  system_stm32f4xx.o [1]
  .text              ro code   0x800'2f34     0x4  startup_stm32f427xx.o [1]
  .text              ro code   0x800'2f38     0x4  startup_stm32f427xx.o [1]
  .text              ro code   0x800'2f3c     0x4  startup_stm32f427xx.o [1]
  .text              ro code   0x800'2f40     0x4  startup_stm32f427xx.o [1]
  .text              ro code   0x800'2f44     0x4  startup_stm32f427xx.o [1]
  .text              ro code   0x800'2f48     0x4  startup_stm32f427xx.o [1]
  .text              ro code   0x800'2f4c     0x4  startup_stm32f427xx.o [1]
  .text              ro code   0x800'2f50     0x4  startup_stm32f427xx.o [1]
  .text              ro code   0x800'2f54     0x4  startup_stm32f427xx.o [1]
  .text              ro code   0x800'2f58     0x4  startup_stm32f427xx.o [1]
  .text              ro code   0x800'2f5c     0x4  startup_stm32f427xx.o [1]
  .text              ro code   0x800'2f60     0x4  startup_stm32f427xx.o [1]
  .text              ro code   0x800'2f64     0x4  startup_stm32f427xx.o [1]
  .text              ro code   0x800'2f68     0x4  startup_stm32f427xx.o [1]
  .text              ro code   0x800'2f6c     0x4  startup_stm32f427xx.o [1]
  .text              ro code   0x800'2f70     0x4  startup_stm32f427xx.o [1]
  .text              ro code   0x800'2f74     0x4  startup_stm32f427xx.o [1]
  .text              ro code   0x800'2f78     0x4  startup_stm32f427xx.o [1]
  .text              ro code   0x800'2f7c     0x4  startup_stm32f427xx.o [1]
  .text              ro code   0x800'2f80     0x4  startup_stm32f427xx.o [1]
  .text              ro code   0x800'2f84     0x4  startup_stm32f427xx.o [1]
  .text              ro code   0x800'2f88     0x4  startup_stm32f427xx.o [1]
  .text              ro code   0x800'2f8c     0x4  startup_stm32f427xx.o [1]
  .text              ro code   0x800'2f90     0x4  startup_stm32f427xx.o [1]
  .text              ro code   0x800'2f94     0x4  startup_stm32f427xx.o [1]
  .text              ro code   0x800'2f98     0x4  startup_stm32f427xx.o [1]
  .text              ro code   0x800'2f9c     0x4  startup_stm32f427xx.o [1]
  .text              ro code   0x800'2fa0     0x4  startup_stm32f427xx.o [1]
  .text              ro code   0x800'2fa4     0x4  startup_stm32f427xx.o [1]
  .text              ro code   0x800'2fa8     0x4  startup_stm32f427xx.o [1]
  .text              ro code   0x800'2fac     0x4  startup_stm32f427xx.o [1]
  .text              ro code   0x800'2fb0     0x4  startup_stm32f427xx.o [1]
  .text              ro code   0x800'2fb4     0x4  startup_stm32f427xx.o [1]
  .text              ro code   0x800'2fb8     0x4  startup_stm32f427xx.o [1]
  .text              ro code   0x800'2fbc     0x4  startup_stm32f427xx.o [1]
  .text              ro code   0x800'2fc0     0x4  startup_stm32f427xx.o [1]
  .text              ro code   0x800'2fc4     0x4  startup_stm32f427xx.o [1]
  .text              ro code   0x800'2fc8     0x4  startup_stm32f427xx.o [1]
  .text              ro code   0x800'2fcc     0x4  startup_stm32f427xx.o [1]
  .text              ro code   0x800'2fd0     0x4  startup_stm32f427xx.o [1]
  .text              ro code   0x800'2fd4     0x4  startup_stm32f427xx.o [1]
  .text              ro code   0x800'2fd8     0x4  startup_stm32f427xx.o [1]
  .text              ro code   0x800'2fdc     0x4  startup_stm32f427xx.o [1]
  .text              ro code   0x800'2fe0     0x4  startup_stm32f427xx.o [1]
  .text              ro code   0x800'2fe4     0x4  startup_stm32f427xx.o [1]
  .text              ro code   0x800'2fe8     0x4  startup_stm32f427xx.o [1]
  .text              ro code   0x800'2fec     0x4  startup_stm32f427xx.o [1]
  .text              ro code   0x800'2ff0     0x4  startup_stm32f427xx.o [1]
  .text              ro code   0x800'2ff4     0x4  startup_stm32f427xx.o [1]
  .text              ro code   0x800'2ff8     0x4  startup_stm32f427xx.o [1]
  .text              ro code   0x800'2ffc     0x4  startup_stm32f427xx.o [1]
  .text              ro code   0x800'3000     0x4  startup_stm32f427xx.o [1]
  .text              ro code   0x800'3004     0x4  startup_stm32f427xx.o [1]
  .text              ro code   0x800'3008     0x4  startup_stm32f427xx.o [1]
  .text              ro code   0x800'300c     0x4  startup_stm32f427xx.o [1]
  .text              ro code   0x800'3010     0x4  startup_stm32f427xx.o [1]
  .text              ro code   0x800'3014     0x4  startup_stm32f427xx.o [1]
  .text              ro code   0x800'3018     0x4  startup_stm32f427xx.o [1]
  .text              ro code   0x800'301c     0x4  startup_stm32f427xx.o [1]
  .text              ro code   0x800'3020     0x4  startup_stm32f427xx.o [1]
  .text              ro code   0x800'3024     0x4  startup_stm32f427xx.o [1]
  .text              ro code   0x800'3028     0x4  startup_stm32f427xx.o [1]
  .text              ro code   0x800'302c     0x4  startup_stm32f427xx.o [1]
  .text              ro code   0x800'3030     0x4  startup_stm32f427xx.o [1]
  .text              ro code   0x800'3034     0x4  startup_stm32f427xx.o [1]
  .text              ro code   0x800'3038     0x4  startup_stm32f427xx.o [1]
  .text              ro code   0x800'303c     0x4  startup_stm32f427xx.o [1]
  .text              ro code   0x800'3040     0x4  startup_stm32f427xx.o [1]
  .text              ro code   0x800'3044     0x4  startup_stm32f427xx.o [1]
  .text              ro code   0x800'3048     0x4  startup_stm32f427xx.o [1]
  .text              ro code   0x800'304c     0x4  startup_stm32f427xx.o [1]
  .text              ro code   0x800'3050     0x4  startup_stm32f427xx.o [1]
  .text              ro code   0x800'3054     0x4  startup_stm32f427xx.o [1]
  .text              ro code   0x800'3058     0x4  startup_stm32f427xx.o [1]
  .text              ro code   0x800'305c     0x4  startup_stm32f427xx.o [1]
  .rodata            const     0x800'3060     0x0  zero_init3.o [4]
  .rodata            const     0x800'3060     0x0  packbits_init_single.o [4]
  Initializer bytes  const     0x800'3060    0x12  <for P2-1>
                             - 0x800'3072  0x2ec6

"P2", part 1 of 3:                           0x1c
  P2-1                        0x2000'0000    0x1c  <Init block>
    .data            inited   0x2000'0000     0xc  port.o [1]
    .data            inited   0x2000'000c     0xc  stm32f4xx_hal.o [1]
    .data            inited   0x2000'0018     0x4  system_stm32f4xx.o [1]
                            - 0x2000'001c    0x1c

"P2", part 2 of 3:                         0x4390
  .bss               zero     0x2000'001c  0x3c18  heap_4.o [1]
  .bss               zero     0x2000'3c34   0x254  freertos.o [1]
  .bss               zero     0x2000'3e88   0x1c4  main.o [1]
  .bss               zero     0x2000'404c    0x9c  tasks.o [1]
  .bss               zero     0x2000'40e8    0x8c  tasks.o [1]
  .bss               zero     0x2000'4174    0x78  can.o [1]
  .bss               zero     0x2000'41ec    0x60  main.o [1]
  .bss               zero     0x2000'424c    0x60  main.o [1]
  .bss               zero     0x2000'42ac    0x60  main.o [1]
  .bss               zero     0x2000'430c    0x60  main.o [1]
  .bss               zero     0x2000'436c    0x40  stm32f4xx_hal_timebase_tim.o [1]
                            - 0x2000'43ac  0x4390

"P2", part 3 of 3:                          0x400
  CSTACK                      0x2000'43b0   0x400  <Block>
    CSTACK           uninit   0x2000'43b0   0x400  <Block tail>
                            - 0x2000'47b0   0x400

Unused ranges:

         From           To       Size
         ----           --       ----
   0x800'3072   0x81f'ffff  0x1f'cf8e
  0x2000'43ac  0x2000'43af        0x4
  0x2000'47b0  0x2002'ffff   0x2'b850


*******************************************************************************
*** INIT TABLE
***

          Address      Size
          -------      ----
Zero (__iar_zero_init3)
    1 destination range, total size 0x4390:
          0x2000'001c  0x4390

Copy/packbits (__iar_packbits_init_single3)
    1 source range, total size 0x12 (64% of destination):
           0x800'3060    0x12
    1 destination range, total size 0x1c:
          0x2000'0000    0x1c



*******************************************************************************
*** MODULE SUMMARY
***

    Module                        ro code  ro data  rw data
    ------                        -------  -------  -------
command line/config:
    -------------------------------------------------------
    Total:

D:\RM2020_Wandering\EWARM\RM2020_Wandering\Obj: [1]
    can.o                                               120
    cmsis_os.o                        130
    freertos.o                         20               596
    heap_4.o                          436            15'384
    list.o                            146
    main.o                          1'172       12      836
    port.o                            440        7       12
    portasm.o                         176
    startup_stm32f427xx.o             744
    stm32f4xx_hal.o                    80        8       12
    stm32f4xx_hal_can.o               530
    stm32f4xx_hal_cortex.o            152
    stm32f4xx_hal_dma.o               772
    stm32f4xx_hal_gpio.o              516
    stm32f4xx_hal_msp.o             1'076
    stm32f4xx_hal_rcc.o             1'196
    stm32f4xx_hal_tim.o             1'242
    stm32f4xx_hal_tim_ex.o             66
    stm32f4xx_hal_timebase_tim.o      124                64
    stm32f4xx_hal_uart.o            1'050
    stm32f4xx_it.o                    136
    system_stm32f4xx.o                 96       11        4
    tasks.o                         1'416               296
    -------------------------------------------------------
    Total:                         11'716       38   17'324

dl7M_tlf.a: [2]
    exit.o                              4
    low_level_init.o                    4
    -------------------------------------------------------
    Total:                              8

m7M_tls.a: [3]
    fpinit_M.o                         34
    -------------------------------------------------------
    Total:                             34

rt7M_tl.a: [4]
    ABImemcpy_small.o                  24
    ABImemset_small.o                  18
    I64DivMod_small.o                 262
    I64DivZer.o                         2
    cexit.o                            10
    cmain.o                            30
    cstartup_M.o                       12
    data_init.o                        40
    memset.o                           20
    packbits_init_single.o             56
    zero_init3.o                       58
    -------------------------------------------------------
    Total:                            532

shb_l.a: [5]
    exit.o                             20
    -------------------------------------------------------
    Total:                             20

    Gaps                               20        2
    Linker created                              32    1'024
-----------------------------------------------------------
    Grand Total:                   12'330       72   18'348


*******************************************************************************
*** ENTRY LIST
***

Entry                       Address    Size  Type      Object
-----                       -------    ----  ----      ------
.iar.init_table$$Base    0x800'2e9c           --   Gb  - Linker created -
.iar.init_table$$Limit   0x800'2ebc           --   Gb  - Linker created -
?main                    0x800'2ebd          Code  Gb  cmain.o [4]
AHBPrescTable            0x800'2e08    0x10  Data  Gb  system_stm32f4xx.o [1]
APBPrescTable            0x800'2f2c     0x8  Data  Gb  system_stm32f4xx.o [1]
BusFault_Handler         0x800'2d37     0x2  Code  Gb  stm32f4xx_it.o [1]
CAN1_RX0_IRQHandler      0x800'2d4d     0x2  Code  Gb  stm32f4xx_it.o [1]
CAN1_TX_IRQHandler       0x800'2d49     0x2  Code  Gb  stm32f4xx_it.o [1]
CAN2_RX0_IRQHandler      0x800'2d7d     0x2  Code  Gb  stm32f4xx_it.o [1]
CAN2_TX_IRQHandler       0x800'2d79     0x2  Code  Gb  stm32f4xx_it.o [1]
CSTACK$$Base            0x2000'43b0           --   Gb  - Linker created -
CSTACK$$Limit           0x2000'47b0           --   Gb  - Linker created -
DMA1_Stream1_IRQHandler
                         0x800'2d3d     0x6  Code  Gb  stm32f4xx_it.o [1]
DMA1_Stream5_IRQHandler
                         0x800'2d43     0x6  Code  Gb  stm32f4xx_it.o [1]
DMA2_Stream1_IRQHandler
                         0x800'2d6d     0x6  Code  Gb  stm32f4xx_it.o [1]
DMA2_Stream2_IRQHandler
                         0x800'2d73     0x6  Code  Gb  stm32f4xx_it.o [1]
DMA_CalcBaseAndBitshift
                         0x800'1f49    0x26  Code  Lc  stm32f4xx_hal_dma.o [1]
DMA_CalcBaseAndBitshift::flagBitshiftOffset
                         0x800'1f70     0x8  Data  Lc  stm32f4xx_hal_dma.o [1]
DebugMon_Handler         0x800'2d3b     0x2  Code  Gb  stm32f4xx_it.o [1]
Error_Handler            0x800'19b1     0x2  Code  Gb  main.o [1]
HAL_CAN_IRQHandler       0x800'2b1d   0x1f8  Code  Gb  stm32f4xx_hal_can.o [1]
HAL_DMA_Abort_IT         0x800'1d63    0x24  Code  Gb  stm32f4xx_hal_dma.o [1]
HAL_DMA_IRQHandler       0x800'1d87   0x188  Code  Gb  stm32f4xx_hal_dma.o [1]
HAL_DMA_Init             0x800'1c75    0xee  Code  Gb  stm32f4xx_hal_dma.o [1]
HAL_GPIO_Init            0x800'1a71   0x1c6  Code  Gb  stm32f4xx_hal_gpio.o [1]
HAL_GPIO_WritePin        0x800'1c37     0x8  Code  Gb  stm32f4xx_hal_gpio.o [1]
HAL_GetTick              0x800'296d     0xc  Code  Wk  stm32f4xx_hal.o [1]
HAL_IncTick              0x800'295d    0x10  Code  Wk  stm32f4xx_hal.o [1]
HAL_Init                 0x800'1f8d    0x30  Code  Gb  stm32f4xx_hal.o [1]
HAL_InitTick             0x800'298d    0x6a  Code  Gb  stm32f4xx_hal_timebase_tim.o [1]
HAL_MspInit              0x800'1105    0x3e  Code  Gb  stm32f4xx_hal_msp.o [1]
HAL_NVIC_EnableIRQ       0x800'1a47    0x16  Code  Gb  stm32f4xx_hal_cortex.o [1]
HAL_NVIC_SetPriority     0x800'1a0d    0x3a  Code  Gb  stm32f4xx_hal_cortex.o [1]
HAL_NVIC_SetPriorityGrouping
                         0x800'19f3    0x1a  Code  Gb  stm32f4xx_hal_cortex.o [1]
HAL_RCC_ClockConfig      0x800'2781    0xfe  Code  Gb  stm32f4xx_hal_rcc.o [1]
HAL_RCC_GetClockConfig   0x800'28af    0x36  Code  Gb  stm32f4xx_hal_rcc.o [1]
HAL_RCC_GetPCLK1Freq     0x800'288b    0x10  Code  Gb  stm32f4xx_hal_rcc.o [1]
HAL_RCC_GetPCLK2Freq     0x800'289b     0xe  Code  Gb  stm32f4xx_hal_rcc.o [1]
HAL_RCC_OscConfig        0x800'24b1   0x2d0  Code  Wk  stm32f4xx_hal_rcc.o [1]
HAL_TIMEx_BreakCallback
                         0x800'19d1     0x2  Code  Wk  stm32f4xx_hal_tim_ex.o [1]
HAL_TIMEx_CommutCallback
                         0x800'19d5     0x2  Code  Wk  stm32f4xx_hal_tim_ex.o [1]
HAL_TIMEx_MasterConfigSynchronization
                         0x800'2471    0x3e  Code  Gb  stm32f4xx_hal_tim_ex.o [1]
HAL_TIM_Base_Init        0x800'0c31    0x1a  Code  Gb  stm32f4xx_hal_tim.o [1]
HAL_TIM_Base_Start_IT    0x800'0c4b    0x20  Code  Gb  stm32f4xx_hal_tim.o [1]
HAL_TIM_IRQHandler       0x800'0ca9   0x142  Code  Gb  stm32f4xx_hal_tim.o [1]
HAL_TIM_MspPostInit      0x800'11a5    0xca  Code  Gb  stm32f4xx_hal_msp.o [1]
HAL_TIM_PWM_ConfigChannel
                         0x800'0df1    0xbc  Code  Gb  stm32f4xx_hal_tim.o [1]
HAL_TIM_PWM_Init         0x800'0c7f    0x1a  Code  Gb  stm32f4xx_hal_tim.o [1]
HAL_TIM_PWM_MspInit      0x800'1143    0x62  Code  Gb  stm32f4xx_hal_msp.o [1]
HAL_TIM_PeriodElapsedCallback
                         0x800'195f     0xe  Code  Gb  main.o [1]
HAL_UART_IRQHandler      0x800'2043   0x14e  Code  Gb  stm32f4xx_hal_uart.o [1]
HAL_UART_Init            0x800'1fc1    0x1e  Code  Gb  stm32f4xx_hal_uart.o [1]
HAL_UART_MspInit         0x800'1281   0x202  Code  Gb  stm32f4xx_hal_msp.o [1]
HardFault_Handler        0x800'2d33     0x2  Code  Gb  stm32f4xx_it.o [1]
MemManage_Handler        0x800'2d35     0x2  Code  Gb  stm32f4xx_it.o [1]
NMI_Handler              0x800'2d31     0x2  Code  Gb  stm32f4xx_it.o [1]
PendSV_Handler           0x800'0b81          Code  Gb  portasm.o [1]
Region$$Table$$Base      0x800'2e9c           --   Gb  - Linker created -
Region$$Table$$Limit     0x800'2ebc           --   Gb  - Linker created -
SVC_Handler              0x800'0bd9          Code  Gb  portasm.o [1]
StartDefaultTask         0x800'1955     0xa  Code  Gb  main.o [1]
SysTick_Handler          0x800'0af1    0x26  Code  Gb  port.o [1]
SystemClock_Config       0x800'18db    0x7a  Code  Gb  main.o [1]
SystemCoreClock         0x2000'0018     0x4  Data  Gb  system_stm32f4xx.o [1]
SystemInit               0x800'2db9    0x3a  Code  Gb  system_stm32f4xx.o [1]
TIM1_UP_TIM10_IRQHandler
                         0x800'2d55     0x6  Code  Gb  stm32f4xx_it.o [1]
TIM_Base_SetConfig       0x800'0ee1    0x96  Code  Gb  stm32f4xx_hal_tim.o [1]
TIM_OC1_SetConfig        0x800'0f77    0x58  Code  Lc  stm32f4xx_hal_tim.o [1]
TIM_OC2_SetConfig        0x800'0fcf    0x60  Code  Gb  stm32f4xx_hal_tim.o [1]
TIM_OC3_SetConfig        0x800'102f    0x5e  Code  Lc  stm32f4xx_hal_tim.o [1]
TIM_OC4_SetConfig        0x800'108d    0x46  Code  Lc  stm32f4xx_hal_tim.o [1]
UART_DMAAbortOnError     0x800'21ad     0xc  Code  Lc  stm32f4xx_hal_uart.o [1]
UART_EndRxTransfer       0x800'2191    0x1c  Code  Lc  stm32f4xx_hal_uart.o [1]
UART_Receive_IT          0x800'21b9    0x92  Code  Lc  stm32f4xx_hal_uart.o [1]
UART_SetConfig           0x800'224b   0x13e  Code  Lc  stm32f4xx_hal_uart.o [1]
USART1_IRQHandler        0x800'2d5b     0x6  Code  Gb  stm32f4xx_it.o [1]
USART2_IRQHandler        0x800'2d61     0x6  Code  Gb  stm32f4xx_it.o [1]
USART3_IRQHandler        0x800'2d67     0x6  Code  Gb  stm32f4xx_it.o [1]
USART6_IRQHandler        0x800'2d85     0x6  Code  Gb  stm32f4xx_it.o [1]
UsageFault_Handler       0x800'2d39     0x2  Code  Gb  stm32f4xx_it.o [1]
__NVIC_SetPriority       0x800'19d9    0x1a  Code  Lc  stm32f4xx_hal_cortex.o [1]
__aeabi_ldiv0            0x800'2b19          Code  Gb  I64DivZer.o [4]
__cmain                  0x800'2ebd          Code  Gb  cmain.o [4]
__exit                   0x800'2ef1    0x14  Code  Gb  exit.o [5]
__iar_data_init3         0x800'2e51    0x28  Code  Gb  data_init.o [4]
__iar_init_vfp           0x800'2e79          Code  Gb  fpinit_M.o [3]
__iar_packbits_init_single3
                         0x800'2e19    0x38  Code  Gb  packbits_init_single.o [4]
__iar_program_start      0x800'2f21          Code  Gb  cstartup_M.o [4]
__iar_small_Memcpy       0x800'23d9          Code  Gb  ABImemcpy_small.o [4]
__iar_small_Memset       0x800'2979          Code  Gb  ABImemset_small.o [4]
__iar_small_Memset_word
                         0x800'2979          Code  Gb  ABImemset_small.o [4]
__iar_small_memcpy       0x800'23d5          Code  Gb  ABImemcpy_small.o [4]
__iar_small_memcpy4      0x800'23d5          Code  Gb  ABImemcpy_small.o [4]
__iar_small_memcpy8      0x800'23d5          Code  Gb  ABImemcpy_small.o [4]
__iar_small_memset       0x800'2979          Code  Gb  ABImemset_small.o [4]
__iar_small_uldivmod     0x800'2a11          Code  Gb  I64DivMod_small.o [4]
__iar_zero_init3         0x800'097b    0x3a  Code  Gb  zero_init3.o [4]
__low_level_init         0x800'2edb     0x4  Code  Gb  low_level_init.o [2]
__vector_table           0x800'0000          Data  Gb  startup_stm32f427xx.o [1]
_call_main               0x800'2ec9          Code  Gb  cmain.o [4]
_exit                    0x800'2ee5          Code  Gb  cexit.o [4]
_main                    0x800'2ed7          Code  Gb  cmain.o [4]
defaultTaskHandle       0x2000'4048     0x4  Data  Gb  main.o [1]
exit                     0x800'2edf     0x4  Code  Gb  exit.o [2]
fcan                    0x2000'41c4    0x28  Data  Gb  can.o [1]
hcan1                   0x2000'4174    0x28  Data  Gb  can.o [1]
hcan2                   0x2000'419c    0x28  Data  Gb  can.o [1]
hdma_usart1_rx          0x2000'41ec    0x60  Data  Gb  main.o [1]
hdma_usart2_rx          0x2000'424c    0x60  Data  Gb  main.o [1]
hdma_usart3_rx          0x2000'42ac    0x60  Data  Gb  main.o [1]
hdma_usart6_rx          0x2000'430c    0x60  Data  Gb  main.o [1]
htim1                   0x2000'436c    0x40  Data  Gb  stm32f4xx_hal_timebase_tim.o [1]
htim3                   0x2000'3f88    0x40  Data  Gb  main.o [1]
htim4                   0x2000'3fc8    0x40  Data  Gb  main.o [1]
htim5                   0x2000'4008    0x40  Data  Gb  main.o [1]
huart1                  0x2000'3e88    0x40  Data  Gb  main.o [1]
huart2                  0x2000'3ec8    0x40  Data  Gb  main.o [1]
huart3                  0x2000'3f08    0x40  Data  Gb  main.o [1]
huart6                  0x2000'3f48    0x40  Data  Gb  main.o [1]
main                     0x800'153d   0x334  Code  Gb  main.o [1]
makeFreeRtosPriority     0x800'23ed     0xc  Code  Lc  cmsis_os.o [1]
memset                   0x800'1f79    0x14  Code  Gb  memset.o [4]
osDelay                  0x800'2461     0xe  Code  Gb  cmsis_os.o [1]
osKernelStart            0x800'23f9     0xa  Code  Gb  cmsis_os.o [1]
osThreadCreate           0x800'2403    0x5e  Code  Gb  cmsis_os.o [1]
prvAddCurrentTaskToDelayedList
                         0x800'06b9    0x5e  Code  Lc  tasks.o [1]
prvAddNewTaskToReadyList
                         0x800'02dd    0xa8  Code  Lc  tasks.o [1]
prvDeleteTCB             0x800'0637    0x2e  Code  Lc  tasks.o [1]
prvIdleTask              0x800'05f5    0x42  Code  Lc  tasks.o [1]
prvInitialiseNewTask     0x800'0265    0x78  Code  Lc  tasks.o [1]
prvInsertBlockIntoFreeList
                         0x800'089b    0x46  Code  Lc  heap_4.o [1]
prvResetNextTaskUnblockTime
                         0x800'0665    0x1a  Code  Lc  tasks.o [1]
prvTaskExitError         0x800'09dd    0x1c  Code  Lc  port.o [1]
pvPortMalloc             0x800'0735   0x104  Code  Gb  heap_4.o [1]
pxCurrentTCB            0x2000'4074     0x4  Data  Gb  tasks.o [1]
pxDelayedTaskList       0x2000'4078     0x4  Data  Lc  tasks.o [1]
pxEnd                   0x2000'0024     0x4  Data  Lc  heap_4.o [1]
pxOverflowDelayedTaskList
                        0x2000'407c     0x4  Data  Lc  tasks.o [1]
pxPortInitialiseStack    0x800'09b5    0x26  Code  Gb  port.o [1]
pxReadyTasksLists       0x2000'40e8    0x8c  Data  Lc  tasks.o [1]
ucHeap                  0x2000'0034  0x3c00  Data  Lc  heap_4.o [1]
ucMaxSysCallPriority    0x2000'0000     0x1  Data  Lc  port.o [1]
ulMaxPRIGROUPValue      0x2000'0008     0x4  Data  Lc  port.o [1]
uwTick                  0x2000'0010     0x4  Data  Gb  stm32f4xx_hal.o [1]
uwTickFreq              0x2000'000c     0x1  Data  Gb  stm32f4xx_hal.o [1]
uwTickPrio              0x2000'0014     0x4  Data  Gb  stm32f4xx_hal.o [1]
uxCriticalNesting       0x2000'0004     0x4  Data  Lc  port.o [1]
uxCurrentNumberOfTasks  0x2000'4098     0x4  Data  Lc  tasks.o [1]
uxDeletedTasksWaitingCleanUp
                        0x2000'4080     0x4  Data  Lc  tasks.o [1]
uxListRemove             0x800'0955    0x26  Code  Gb  list.o [1]
uxPendedTicks           0x2000'40a8     0x4  Data  Lc  tasks.o [1]
uxSchedulerSuspended    0x2000'40bc     0x4  Data  Lc  tasks.o [1]
uxTaskNumber            0x2000'40b4     0x4  Data  Lc  tasks.o [1]
uxTopReadyPriority      0x2000'40a0     0x4  Data  Lc  tasks.o [1]
vApplicationGetIdleTaskMemory
                         0x800'0b6d    0x14  Code  Gb  freertos.o [1]
vListInitialise          0x800'08e9    0x1a  Code  Gb  list.o [1]
vListInitialiseItem      0x800'0903     0x6  Code  Gb  list.o [1]
vListInsert              0x800'0923    0x32  Code  Gb  list.o [1]
vListInsertEnd           0x800'0909    0x1a  Code  Gb  list.o [1]
vPortEnableVFP           0x800'0c15          Code  Gb  portasm.o [1]
vPortEnterCritical       0x800'0a9d    0x32  Code  Gb  port.o [1]
vPortExitCritical        0x800'0acf    0x22  Code  Gb  port.o [1]
vPortFree                0x800'0847    0x46  Code  Gb  heap_4.o [1]
vPortStartFirstTask      0x800'0bf5          Code  Gb  portasm.o [1]
vTaskDelay               0x800'0385    0x2e  Code  Gb  tasks.o [1]
vTaskStartScheduler      0x800'03b9    0x54  Code  Gb  tasks.o [1]
vTaskSuspendAll          0x800'0415     0xc  Code  Gb  tasks.o [1]
vTaskSwitchContext       0x800'0585    0x52  Code  Gb  tasks.o [1]
xBlockAllocatedBit      0x2000'0030     0x4  Data  Lc  heap_4.o [1]
xDelayedTaskList1       0x2000'40c0    0x14  Data  Lc  tasks.o [1]
xDelayedTaskList2       0x2000'40d4    0x14  Data  Lc  tasks.o [1]
xFreeBytesRemaining     0x2000'0028     0x4  Data  Lc  heap_4.o [1]
xIdleStack              0x2000'3c88   0x200  Data  Lc  freertos.o [1]
xIdleTaskTCBBuffer      0x2000'3c34    0x54  Data  Lc  freertos.o [1]
xMinimumEverFreeBytesRemaining
                        0x2000'002c     0x4  Data  Lc  heap_4.o [1]
xNextTaskUnblockTime    0x2000'40b8     0x4  Data  Lc  tasks.o [1]
xNumOfOverflows         0x2000'40b0     0x4  Data  Lc  tasks.o [1]
xPendingReadyList       0x2000'404c    0x14  Data  Lc  tasks.o [1]
xPortStartScheduler      0x800'09f9    0xa4  Code  Gb  port.o [1]
xSchedulerRunning       0x2000'40a4     0x4  Data  Lc  tasks.o [1]
xStart                  0x2000'001c     0x8  Data  Lc  heap_4.o [1]
xSuspendedTaskList      0x2000'4084    0x14  Data  Lc  tasks.o [1]
xTaskCreate              0x800'0209    0x5c  Code  Gb  tasks.o [1]
xTaskCreateStatic        0x800'01ad    0x5c  Code  Gb  tasks.o [1]
xTaskIncrementTick       0x800'04c9    0xbc  Code  Gb  tasks.o [1]
xTaskResumeAll           0x800'0421    0x98  Code  Gb  tasks.o [1]
xTasksWaitingTermination
                        0x2000'4060    0x14  Data  Lc  tasks.o [1]
xTickCount              0x2000'409c     0x4  Data  Lc  tasks.o [1]
xYieldPending           0x2000'40ac     0x4  Data  Lc  tasks.o [1]


[1] = D:\RM2020_Wandering\EWARM\RM2020_Wandering\Obj
[2] = dl7M_tlf.a
[3] = m7M_tls.a
[4] = rt7M_tl.a
[5] = shb_l.a

  12'330 bytes of readonly  code memory
      72 bytes of readonly  data memory
  18'348 bytes of readwrite data memory

Errors: none
Warnings: none
